Archive member included to satisfy reference by file (symbol)

C:/ST/STM32CubeIDE_1.19.0/STM32CubeIDE/plugins/com.st.stm32cube.ide.mcu.externaltools.gnu-tools-for-stm32.13.3.rel1.win32_1.0.0.202411081344/tools/bin/../lib/gcc/arm-none-eabi/13.3.1/../../../../arm-none-eabi/lib/thumb/v7e-m+fp/hard\libc_nano.a(libc_a-exit.o)
                              C:/ST/STM32CubeIDE_1.19.0/STM32CubeIDE/plugins/com.st.stm32cube.ide.mcu.externaltools.gnu-tools-for-stm32.13.3.rel1.win32_1.0.0.202411081344/tools/bin/../lib/gcc/arm-none-eabi/13.3.1/../../../../arm-none-eabi/lib/thumb/v7e-m+fp/hard/crt0.o (exit)
C:/ST/STM32CubeIDE_1.19.0/STM32CubeIDE/plugins/com.st.stm32cube.ide.mcu.externaltools.gnu-tools-for-stm32.13.3.rel1.win32_1.0.0.202411081344/tools/bin/../lib/gcc/arm-none-eabi/13.3.1/../../../../arm-none-eabi/lib/thumb/v7e-m+fp/hard\libc_nano.a(libc_a-findfp.o)
                              C:/ST/STM32CubeIDE_1.19.0/STM32CubeIDE/plugins/com.st.stm32cube.ide.mcu.externaltools.gnu-tools-for-stm32.13.3.rel1.win32_1.0.0.202411081344/tools/bin/../lib/gcc/arm-none-eabi/13.3.1/../../../../arm-none-eabi/lib/thumb/v7e-m+fp/hard\libc_nano.a(libc_a-exit.o) (__stdio_exit_handler)
C:/ST/STM32CubeIDE_1.19.0/STM32CubeIDE/plugins/com.st.stm32cube.ide.mcu.externaltools.gnu-tools-for-stm32.13.3.rel1.win32_1.0.0.202411081344/tools/bin/../lib/gcc/arm-none-eabi/13.3.1/../../../../arm-none-eabi/lib/thumb/v7e-m+fp/hard\libc_nano.a(libc_a-fwalk.o)
                              C:/ST/STM32CubeIDE_1.19.0/STM32CubeIDE/plugins/com.st.stm32cube.ide.mcu.externaltools.gnu-tools-for-stm32.13.3.rel1.win32_1.0.0.202411081344/tools/bin/../lib/gcc/arm-none-eabi/13.3.1/../../../../arm-none-eabi/lib/thumb/v7e-m+fp/hard\libc_nano.a(libc_a-findfp.o) (_fwalk_sglue)
C:/ST/STM32CubeIDE_1.19.0/STM32CubeIDE/plugins/com.st.stm32cube.ide.mcu.externaltools.gnu-tools-for-stm32.13.3.rel1.win32_1.0.0.202411081344/tools/bin/../lib/gcc/arm-none-eabi/13.3.1/../../../../arm-none-eabi/lib/thumb/v7e-m+fp/hard\libc_nano.a(libc_a-stdio.o)
                              C:/ST/STM32CubeIDE_1.19.0/STM32CubeIDE/plugins/com.st.stm32cube.ide.mcu.externaltools.gnu-tools-for-stm32.13.3.rel1.win32_1.0.0.202411081344/tools/bin/../lib/gcc/arm-none-eabi/13.3.1/../../../../arm-none-eabi/lib/thumb/v7e-m+fp/hard\libc_nano.a(libc_a-findfp.o) (__sread)
C:/ST/STM32CubeIDE_1.19.0/STM32CubeIDE/plugins/com.st.stm32cube.ide.mcu.externaltools.gnu-tools-for-stm32.13.3.rel1.win32_1.0.0.202411081344/tools/bin/../lib/gcc/arm-none-eabi/13.3.1/../../../../arm-none-eabi/lib/thumb/v7e-m+fp/hard\libc_nano.a(libc_a-memset.o)
                              C:/ST/STM32CubeIDE_1.19.0/STM32CubeIDE/plugins/com.st.stm32cube.ide.mcu.externaltools.gnu-tools-for-stm32.13.3.rel1.win32_1.0.0.202411081344/tools/bin/../lib/gcc/arm-none-eabi/13.3.1/../../../../arm-none-eabi/lib/thumb/v7e-m+fp/hard/crt0.o (memset)
C:/ST/STM32CubeIDE_1.19.0/STM32CubeIDE/plugins/com.st.stm32cube.ide.mcu.externaltools.gnu-tools-for-stm32.13.3.rel1.win32_1.0.0.202411081344/tools/bin/../lib/gcc/arm-none-eabi/13.3.1/../../../../arm-none-eabi/lib/thumb/v7e-m+fp/hard\libc_nano.a(libc_a-closer.o)
                              C:/ST/STM32CubeIDE_1.19.0/STM32CubeIDE/plugins/com.st.stm32cube.ide.mcu.externaltools.gnu-tools-for-stm32.13.3.rel1.win32_1.0.0.202411081344/tools/bin/../lib/gcc/arm-none-eabi/13.3.1/../../../../arm-none-eabi/lib/thumb/v7e-m+fp/hard\libc_nano.a(libc_a-stdio.o) (_close_r)
C:/ST/STM32CubeIDE_1.19.0/STM32CubeIDE/plugins/com.st.stm32cube.ide.mcu.externaltools.gnu-tools-for-stm32.13.3.rel1.win32_1.0.0.202411081344/tools/bin/../lib/gcc/arm-none-eabi/13.3.1/../../../../arm-none-eabi/lib/thumb/v7e-m+fp/hard\libc_nano.a(libc_a-reent.o)
                              C:/ST/STM32CubeIDE_1.19.0/STM32CubeIDE/plugins/com.st.stm32cube.ide.mcu.externaltools.gnu-tools-for-stm32.13.3.rel1.win32_1.0.0.202411081344/tools/bin/../lib/gcc/arm-none-eabi/13.3.1/../../../../arm-none-eabi/lib/thumb/v7e-m+fp/hard\libc_nano.a(libc_a-closer.o) (errno)
C:/ST/STM32CubeIDE_1.19.0/STM32CubeIDE/plugins/com.st.stm32cube.ide.mcu.externaltools.gnu-tools-for-stm32.13.3.rel1.win32_1.0.0.202411081344/tools/bin/../lib/gcc/arm-none-eabi/13.3.1/../../../../arm-none-eabi/lib/thumb/v7e-m+fp/hard\libc_nano.a(libc_a-impure.o)
                              C:/ST/STM32CubeIDE_1.19.0/STM32CubeIDE/plugins/com.st.stm32cube.ide.mcu.externaltools.gnu-tools-for-stm32.13.3.rel1.win32_1.0.0.202411081344/tools/bin/../lib/gcc/arm-none-eabi/13.3.1/../../../../arm-none-eabi/lib/thumb/v7e-m+fp/hard\libc_nano.a(libc_a-reent.o) (_impure_ptr)
C:/ST/STM32CubeIDE_1.19.0/STM32CubeIDE/plugins/com.st.stm32cube.ide.mcu.externaltools.gnu-tools-for-stm32.13.3.rel1.win32_1.0.0.202411081344/tools/bin/../lib/gcc/arm-none-eabi/13.3.1/../../../../arm-none-eabi/lib/thumb/v7e-m+fp/hard\libc_nano.a(libc_a-lseekr.o)
[...]
Memory Configuration

Name             Origin             Length             Attributes
RAM              0x20000000         0x00020000         xrw
FLASH            0x08000000         0x00080000         xr
*default*        0x00000000         0xffffffff

Linker script and memory map

LOAD C:/ST/STM32CubeIDE_1.19.0/STM32CubeIDE/plugins/com.st.stm32cube.ide.mcu.externaltools.gnu-tools-for-stm32.13.3.rel1.win32_1.0.0.202411081344/tools/bin/../lib/gcc/arm-none-eabi/13.3.1/thumb/v7e-m+fp/hard/crti.o
LOAD C:/ST/STM32CubeIDE_1.19.0/STM32CubeIDE/plugins/com.st.stm32cube.ide.mcu.externaltools.gnu-tools-for-stm32.13.3.rel1.win32_1.0.0.202411081344/tools/bin/../lib/gcc/arm-none-eabi/13.3.1/thumb/v7e-m+fp/hard/crtbegin.o
LOAD C:/ST/STM32CubeIDE_1.19.0/STM32CubeIDE/plugins/com.st.stm32cube.ide.mcu.externaltools.gnu-tools-for-stm32.13.3.rel1.win32_1.0.0.202411081344/tools/bin/../lib/gcc/arm-none-eabi/13.3.1/../../../../arm-none-eabi/lib/thumb/v7e-m+fp/hard/crt0.o
LOAD ./Core/Src/NRF24.o
LOAD ./Core/Src/main.o
LOAD ./Core/Src/stm32f4xx_hal_msp.o
LOAD ./Core/Src/stm32f4xx_it.o
LOAD ./Core/Src/syscalls.o
LOAD ./Core/Src/sysmem.o
LOAD ./Core/Src/system_stm32f4xx.o
LOAD ./Core/Startup/startup_stm32f411ceux.o
LOAD ./Drivers/STM32F4xx_HAL_Driver/Src/stm32f4xx_hal.o
LOAD ./Drivers/STM32F4xx_HAL_Driver/Src/stm32f4xx_hal_adc.o
LOAD ./Drivers/STM32F4xx_HAL_Driver/Src/stm32f4xx_hal_adc_ex.o
LOAD ./Drivers/STM32F4xx_HAL_Driver/Src/stm32f4xx_hal_cortex.o
LOAD ./Drivers/STM32F4xx_HAL_Driver/Src/stm32f4xx_hal_dma.o
LOAD ./Drivers/STM32F4xx_HAL_Driver/Src/stm32f4xx_hal_dma_ex.o
LOAD ./Drivers/STM32F4xx_HAL_Driver/Src/stm32f4xx_hal_exti.o
LOAD ./Drivers/STM32F4xx_HAL_Driver/Src/stm32f4xx_hal_flash.o
LOAD ./Drivers/STM32F4xx_HAL_Driver/Src/stm32f4xx_hal_flash_ex.o
LOAD ./Drivers/STM32F4xx_HAL_Driver/Src/stm32f4xx_hal_flash_ramfunc.o
LOAD ./Drivers/STM32F4xx_HAL_Driver/Src/stm32f4xx_hal_gpio.o
LOAD ./Drivers/STM32F4xx_HAL_Driver/Src/stm32f4xx_hal_pwr.o
LOAD ./Drivers/STM32F4xx_HAL_Driver/Src/stm32f4xx_hal_pwr_ex.o
LOAD ./Drivers/STM32F4xx_HAL_Driver/Src/stm32f4xx_hal_rcc.o
LOAD ./Drivers/STM32F4xx_HAL_Driver/Src/stm32f4xx_hal_rcc_ex.o
LOAD ./Drivers/STM32F4xx_HAL_Driver/Src/stm32f4xx_hal_spi.o
LOAD ./Drivers/STM32F4xx_HAL_Driver/Src/stm32f4xx_ll_adc.o
START GROUP
LOAD C:/ST/STM32CubeIDE_1.19.0/STM32CubeIDE/plugins/com.st.stm32cube.ide.mcu.externaltools.gnu-tools-for-stm32.13.3.rel1.win32_1.0.0.202411081344/tools/bin/../lib/gcc/arm-none-eabi/13.3.1/../../../../arm-none-eabi/lib/thumb/v7e-m+fp/hard\libc_nano.a
LOAD C:/ST/STM32CubeIDE_1.19.0/STM32CubeIDE/plugins/com.st.stm32cube.ide.mcu.externaltools.gnu-tools-for-stm32.13.3.rel1.win32_1.0.0.202411081344/tools/bin/../lib/gcc/arm-none-eabi/13.3.1/../../../../arm-none-eabi/lib/thumb/v7e-m+fp/hard\libm.a
END GROUP
START GROUP
LOAD C:/ST/STM32CubeIDE_1.19.0/STM32CubeIDE/plugins/com.st.stm32cube.ide.mcu.externaltools.gnu-tools-for-stm32.13.3.rel1.win32_1.0.0.202411081344/tools/bin/../lib/gcc/arm-none-eabi/13.3.1/thumb/v7e-m+fp/hard\libgcc.a
LOAD C:/ST/STM32CubeIDE_1.19.0/STM32CubeIDE/plugins/com.st.stm32cube.ide.mcu.externaltools.gnu-tools-for-stm32.13.3.rel1.win32_1.0.0.202411081344/tools/bin/../lib/gcc/arm-none-eabi/13.3.1/../../../../arm-none-eabi/lib/thumb/v7e-m+fp/hard\libc_nano.a
END GROUP
START GROUP
LOAD C:/ST/STM32CubeIDE_1.19.0/STM32CubeIDE/plugins/com.st.stm32cube.ide.mcu.externaltools.gnu-tools-for-stm32.13.3.rel1.win32_1.0.0.202411081344/tools/bin/../lib/gcc/arm-none-eabi/13.3.1/thumb/v7e-m+fp/hard\libgcc.a
LOAD C:/ST/STM32CubeIDE_1.19.0/STM32CubeIDE/plugins/com.st.stm32cube.ide.mcu.externaltools.gnu-tools-for-stm32.13.3.rel1.win32_1.0.0.202411081344/tools/bin/../lib/gcc/arm-none-eabi/13.3.1/../../../../arm-none-eabi/lib/thumb/v7e-m+fp/hard\libc_nano.a
LOAD C:/ST/STM32CubeIDE_1.19.0/STM32CubeIDE/plugins/com.st.stm32cube.ide.mcu.externaltools.gnu-tools-for-stm32.13.3.rel1.win32_1.0.0.202411081344/tools/bin/../lib/gcc/arm-none-eabi/13.3.1/../../../../arm-none-eabi/lib/thumb/v7e-m+fp/hard\libnosys.a
END GROUP
START GROUP
LOAD C:/ST/STM32CubeIDE_1.19.0/STM32CubeIDE/plugins/com.st.stm32cube.ide.mcu.externaltools.gnu-tools-for-stm32.13.3.rel1.win32_1.0.0.202411081344/tools/bin/../lib/gcc/arm-none-eabi/13.3.1/thumb/v7e-m+fp/hard\libgcc.a
LOAD C:/ST/STM32CubeIDE_1.19.0/STM32CubeIDE/plugins/com.st.stm32cube.ide.mcu.externaltools.gnu-tools-for-stm32.13.3.rel1.win32_1.0.0.202411081344/tools/bin/../lib/gcc/arm-none-eabi/13.3.1/../../../../arm-none-eabi/lib/thumb/v7e-m+fp/hard\libc_nano.a
LOAD C:/ST/STM32CubeIDE_1.19.0/STM32CubeIDE/plugins/com.st.stm32cube.ide.mcu.externaltools.gnu-tools-for-stm32.13.3.rel1.win32_1.0.0.202411081344/tools/bin/../lib/gcc/arm-none-eabi/13.3.1/../../../../arm-none-eabi/lib/thumb/v7e-m+fp/hard\libnosys.a
END GROUP
LOAD C:/ST/STM32CubeIDE_1.19.0/STM32CubeIDE/plugins/com.st.stm32cube.ide.mcu.externaltools.gnu-tools-for-stm32.13.3.rel1.win32_1.0.0.202411081344/tools/bin/../lib/gcc/arm-none-eabi/13.3.1/thumb/v7e-m+fp/hard/crtend.o
LOAD C:/ST/STM32CubeIDE_1.19.0/STM32CubeIDE/plugins/com.st.stm32cube.ide.mcu.externaltools.gnu-tools-for-stm32.13.3.rel1.win32_1.0.0.202411081344/tools/bin/../lib/gcc/arm-none-eabi/13.3.1/thumb/v7e-m+fp/hard/crtn.o
                0x20020000                        _estack = (ORIGIN (RAM) + LENGTH (RAM))
                0x00000200                        _Min_Heap_Size = 0x200
                0x00000400                        _Min_Stack_Size = 0x400

.isr_vector     0x08000000      0x198
                0x08000000                        . = ALIGN (0x4)
 *(.isr_vector)
 .isr_vector    0x08000000      0x198 ./Core/Startup/startup_stm32f411ceux.o
                0x08000000                g_pfnVectors
                0x08000198                        . = ALIGN (0x4)

.text           0x08000198     0x336c
                0x08000198                        . = ALIGN (0x4)
 *(.text)
 .text          0x08000198       0x40 C:/ST/STM32CubeIDE_1.19.0/STM32CubeIDE/plugins/com.st.stm32cube.ide.mcu.externaltools.gnu-tools-for-stm32.13.3.rel1.win32_1.0.0.202411081344/tools/bin/../lib/gcc/arm-none-eabi/13.3.1/thumb/v7e-m+fp/hard/crtbegin.o
 .text          0x080001d8       0x30 C:/ST/STM32CubeIDE_1.19.0/STM32CubeIDE/plugins/com.st.stm32cube.ide.mcu.externaltools.gnu-tools-for-stm32.13.3.rel1.win32_1.0.0.202411081344/tools/bin/../lib/gcc/arm-none-eabi/13.3.1/thumb/v7e-m+fp/hard\libgcc.a(_aeabi_uldivmod.o)
                0x080001d8                __aeabi_uldivmod
 .text          0x08000208      0x2f8 C:/ST/STM32CubeIDE_1.19.0/STM32CubeIDE/plugins/com.st.stm32cube.ide.mcu.externaltools.gnu-tools-for-stm32.13.3.rel1.win32_1.0.0.202411081344/tools/bin/../lib/gcc/arm-none-eabi/13.3.1/thumb/v7e-m+fp/hard\libgcc.a(_udivmoddi4.o)
                0x08000208                __udivmoddi4
 .text          0x08000500        0x4 C:/ST/STM32CubeIDE_1.19.0/STM32CubeIDE/plugins/com.st.stm32cube.ide.mcu.externaltools.gnu-tools-for-stm32.13.3.rel1.win32_1.0.0.202411081344/tools/bin/../lib/gcc/arm-none-eabi/13.3.1/thumb/v7e-m+fp/hard\libgcc.a(_dvmd_tls.o)
                0x08000500                __aeabi_idiv0
                0x08000500                __aeabi_ldiv0
 *(.text*)
 .text.csn_high
                0x08000504       0x18 ./Core/Src/NRF24.o
                0x08000504                csn_high
 .text.csn_low  0x0800051c       0x18 ./Core/Src/NRF24.o
                0x0800051c                csn_low
 .text.ce_high  0x08000534       0x18 ./Core/Src/NRF24.o
                0x08000534                ce_high
 .text.ce_low   0x0800054c       0x18 ./Core/Src/NRF24.o
                0x0800054c                ce_low
 .text.nrf24_w_reg
                0x08000564       0x50 ./Core/Src/NRF24.o
                0x08000564                nrf24_w_reg
 .text.nrf24_r_reg
                0x080005b4       0x50 ./Core/Src/NRF24.o
                0x080005b4                nrf24_r_reg
 .text.nrf24_w_spec_cmd
                0x08000604       0x24 ./Core/Src/NRF24.o
                0x08000604                nrf24_w_spec_cmd
 .text.nrf24_pwr_up
                0x08000628       0x34 ./Core/Src/NRF24.o
                0x08000628                nrf24_pwr_up
 .text.nrf24_tx_pwr
                0x0800065c       0x4e ./Core/Src/NRF24.o
                0x0800065c                nrf24_tx_pwr
 .text.nrf24_data_rate
                0x080006aa       0x5c ./Core/Src/NRF24.o
                0x080006aa                nrf24_data_rate
 .text.nrf24_set_channel
                0x08000706       0x1e ./Core/Src/NRF24.o
                0x08000706                nrf24_set_channel
 .text.nrf24_open_tx_pipe
                0x08000724       0x1a ./Core/Src/NRF24.o
                0x08000724                nrf24_open_tx_pipe
 *fill*         0x0800073e        0x2 
 .text.nrf24_pipe_pld_size
                0x08000740       0x9c ./Core/Src/NRF24.o
                0x08000740                nrf24_pipe_pld_size
 .text.nrf24_open_rx_pipe
                0x080007dc       0xdc ./Core/Src/NRF24.o
                0x080007dc                nrf24_open_rx_pipe
 .text.nrf24_set_crc
                0x080008b8       0x5c ./Core/Src/NRF24.o
                0x080008b8                nrf24_set_crc
 .text.nrf24_set_addr_width
                0x08000914       0x26 ./Core/Src/NRF24.o
                0x08000914                nrf24_set_addr_width
 .text.nrf24_flush_tx
                0x0800093a       0x16 ./Core/Src/NRF24.o
                0x0800093a                nrf24_flush_tx
 .text.nrf24_flush_rx
                0x08000950       0x16 ./Core/Src/NRF24.o
                0x08000950                nrf24_flush_rx
 *fill*         0x08000966        0x2 
 .text.nrf24_r_status
                0x08000968       0x38 ./Core/Src/NRF24.o
                0x08000968                nrf24_r_status
 .text.nrf24_clear_rx_dr
                0x080009a0       0x30 ./Core/Src/NRF24.o
                0x080009a0                nrf24_clear_rx_dr
 .text.nrf24_clear_tx_ds
                0x080009d0       0x30 ./Core/Src/NRF24.o
                0x080009d0                nrf24_clear_tx_ds
 .text.nrf24_clear_max_rt
                0x08000a00       0x30 ./Core/Src/NRF24.o
                0x08000a00                nrf24_clear_max_rt
 .text.nrf24_stop_listen
                0x08000a30       0x34 ./Core/Src/NRF24.o
                0x08000a30                nrf24_stop_listen
 .text.nrf24_dpl
                0x08000a64       0x48 ./Core/Src/NRF24.o
                0x08000a64                nrf24_dpl
 .text.nrf24_set_rx_dpl
                0x08000aac       0x74 ./Core/Src/NRF24.o
                0x08000aac                nrf24_set_rx_dpl
 .text.nrf24_auto_ack_all
                0x08000b20       0x3c ./Core/Src/NRF24.o
                0x08000b20                nrf24_auto_ack_all
 .text.nrf24_en_ack_pld
                0x08000b5c       0x48 ./Core/Src/NRF24.o
                0x08000b5c                nrf24_en_ack_pld
 .text.nrf24_auto_retr_delay
                0x08000ba4       0x4a ./Core/Src/NRF24.o
                0x08000ba4                nrf24_auto_retr_delay
 .text.nrf24_auto_retr_limit
                0x08000bee       0x40 ./Core/Src/NRF24.o
                0x08000bee                nrf24_auto_retr_limit
 *fill*         0x08000c2e        0x2 
 .text.nrf24_transmit
                0x08000c30       0x78 ./Core/Src/NRF24.o
                0x08000c30                nrf24_transmit
 .text.nrf24_init
                0x08000ca8       0x20 ./Core/Src/NRF24.o
                0x08000ca8                nrf24_init
 .text.main     0x08000cc8      0x120 ./Core/Src/main.o
                0x08000cc8                main
 .text.SystemClock_Config
                0x08000de8       0xbc ./Core/Src/main.o
                0x08000de8                SystemClock_Config
 .text.MX_ADC1_Init
                0x08000ea4       0xa4 ./Core/Src/main.o
 .text.MX_SPI1_Init
                0x08000f48       0x6c ./Core/Src/main.o
 .text.MX_GPIO_Init
                0x08000fb4       0xbc ./Core/Src/main.o
 .text.Error_Handler
                0x08001070        0xc ./Core/Src/main.o
                0x08001070                Error_Handler
 .text.HAL_MspInit
                0x0800107c       0x50 ./Core/Src/stm32f4xx_hal_msp.o
                0x0800107c                HAL_MspInit
 .text.HAL_ADC_MspInit
                0x080010cc       0x88 ./Core/Src/stm32f4xx_hal_msp.o
                0x080010cc                HAL_ADC_MspInit
 .text.HAL_SPI_MspInit
                0x08001154       0x90 ./Core/Src/stm32f4xx_hal_msp.o
                0x08001154                HAL_SPI_MspInit
 .text.NMI_Handler
                0x080011e4        0x8 ./Core/Src/stm32f4xx_it.o
                0x080011e4                NMI_Handler
 .text.HardFault_Handler
                0x080011ec        0x8 ./Core/Src/stm32f4xx_it.o
                0x080011ec                HardFault_Handler
 .text.MemManage_Handler
                0x080011f4        0x8 ./Core/Src/stm32f4xx_it.o
                0x080011f4                MemManage_Handler
 .text.BusFault_Handler
                0x080011fc        0x8 ./Core/Src/stm32f4xx_it.o
                0x080011fc                BusFault_Handler
 .text.UsageFault_Handler
                0x08001204        0x8 ./Core/Src/stm32f4xx_it.o
                0x08001204                UsageFault_Handler
 .text.SVC_Handler
                0x0800120c        0xe ./Core/Src/stm32f4xx_it.o
                0x0800120c                SVC_Handler
 .text.DebugMon_Handler
                0x0800121a        0xe ./Core/Src/stm32f4xx_it.o
                0x0800121a                DebugMon_Handler
 .text.PendSV_Handler
                0x08001228        0xe ./Core/Src/stm32f4xx_it.o
                0x08001228                PendSV_Handler
 .text.SysTick_Handler
                0x08001236        0xc ./Core/Src/stm32f4xx_it.o
                0x08001236                SysTick_Handler
 *fill*         0x08001242        0x2 
 .text.SystemInit
                0x08001244       0x24 ./Core/Src/system_stm32f4xx.o
                0x08001244                SystemInit
 .text.Reset_Handler
                0x08001268       0x50 ./Core/Startup/startup_stm32f411ceux.o
                0x08001268                Reset_Handler
 .text.Default_Handler
                0x080012b8        0x2 ./Core/Startup/startup_stm32f411ceux.o
                0x080012b8                RTC_Alarm_IRQHandler
                0x080012b8                EXTI2_IRQHandler
                0x080012b8                SPI4_IRQHandler
                0x080012b8                TIM1_CC_IRQHandler
                0x080012b8                DMA2_Stream5_IRQHandler
                0x080012b8                DMA1_Stream5_IRQHandler
                0x080012b8                PVD_IRQHandler
                0x080012b8                SDIO_IRQHandler
                0x080012b8                TAMP_STAMP_IRQHandler
                0x080012b8                EXTI3_IRQHandler
                0x080012b8                TIM1_UP_TIM10_IRQHandler
                0x080012b8                I2C3_ER_IRQHandler
                0x080012b8                EXTI0_IRQHandler
                0x080012b8                I2C2_EV_IRQHandler
                0x080012b8                DMA1_Stream2_IRQHandler
                0x080012b8                FPU_IRQHandler
                0x080012b8                DMA2_Stream2_IRQHandler
                0x080012b8                SPI1_IRQHandler
                0x080012b8                TIM1_BRK_TIM9_IRQHandler
                0x080012b8                DMA2_Stream3_IRQHandler
                0x080012b8                USART6_IRQHandler
                0x080012b8                DMA2_Stream0_IRQHandler
                0x080012b8                TIM4_IRQHandler
                0x080012b8                I2C1_EV_IRQHandler
                0x080012b8                DMA1_Stream6_IRQHandler
                0x080012b8                DMA1_Stream1_IRQHandler
                0x080012b8                TIM3_IRQHandler
                0x080012b8                RCC_IRQHandler
                0x080012b8                Default_Handler
                0x080012b8                EXTI15_10_IRQHandler
                0x080012b8                ADC_IRQHandler
                0x080012b8                DMA1_Stream7_IRQHandler
                0x080012b8                SPI5_IRQHandler
                0x080012b8                TIM5_IRQHandler
                0x080012b8                DMA2_Stream7_IRQHandler
                0x080012b8                I2C3_EV_IRQHandler
                0x080012b8                EXTI9_5_IRQHandler
                0x080012b8                RTC_WKUP_IRQHandler
                0x080012b8                SPI2_IRQHandler
                0x080012b8                DMA1_Stream0_IRQHandler
                0x080012b8                EXTI4_IRQHandler
                0x080012b8                WWDG_IRQHandler
                0x080012b8                TIM2_IRQHandler
                0x080012b8                OTG_FS_WKUP_IRQHandler
                0x080012b8                TIM1_TRG_COM_TIM11_IRQHandler
                0x080012b8                EXTI1_IRQHandler
                0x080012b8                USART2_IRQHandler
                0x080012b8                I2C2_ER_IRQHandler
                0x080012b8                DMA2_Stream1_IRQHandler
                0x080012b8                FLASH_IRQHandler
                0x080012b8                DMA2_Stream4_IRQHandler
                0x080012b8                USART1_IRQHandler
                0x080012b8                OTG_FS_IRQHandler
                0x080012b8                SPI3_IRQHandler
                0x080012b8                DMA1_Stream4_IRQHandler
                0x080012b8                I2C1_ER_IRQHandler
                0x080012b8                DMA2_Stream6_IRQHandler
                0x080012b8                DMA1_Stream3_IRQHandler
 *fill*         0x080012ba        0x2 
 .text.HAL_Init
                0x080012bc       0x44 ./Drivers/STM32F4xx_HAL_Driver/Src/stm32f4xx_hal.o
                0x080012bc                HAL_Init
 .text.HAL_InitTick
                0x08001300       0x60 ./Drivers/STM32F4xx_HAL_Driver/Src/stm32f4xx_hal.o
                0x08001300                HAL_InitTick
 .text.HAL_IncTick
                0x08001360       0x28 ./Drivers/STM32F4xx_HAL_Driver/Src/stm32f4xx_hal.o
                0x08001360                HAL_IncTick
 .text.HAL_GetTick
                0x08001388       0x18 ./Drivers/STM32F4xx_HAL_Driver/Src/stm32f4xx_hal.o
                0x08001388                HAL_GetTick
 .text.HAL_Delay
                0x080013a0       0x48 ./Drivers/STM32F4xx_HAL_Driver/Src/stm32f4xx_hal.o
                0x080013a0                HAL_Delay
 .text.HAL_ADC_Init
                0x080013e8       0x86 ./Drivers/STM32F4xx_HAL_Driver/Src/stm32f4xx_hal_adc.o
                0x080013e8                HAL_ADC_Init
 *fill*         0x0800146e        0x2 
 .text.HAL_ADC_Start
                0x08001470      0x168 ./Drivers/STM32F4xx_HAL_Driver/Src/stm32f4xx_hal_adc.o
                0x08001470                HAL_ADC_Start
 .text.HAL_ADC_PollForConversion
                0x080015d8      0x116 ./Drivers/STM32F4xx_HAL_Driver/Src/stm32f4xx_hal_adc.o
                0x080015d8                HAL_ADC_PollForConversion
 .text.HAL_ADC_GetValue
                0x080016ee       0x1a ./Drivers/STM32F4xx_HAL_Driver/Src/stm32f4xx_hal_adc.o
                0x080016ee                HAL_ADC_GetValue
 .text.HAL_ADC_ConfigChannel
                0x08001708      0x264 ./Drivers/STM32F4xx_HAL_Driver/Src/stm32f4xx_hal_adc.o
                0x08001708                HAL_ADC_ConfigChannel
 .text.ADC_Init
                0x0800196c      0x1f8 ./Drivers/STM32F4xx_HAL_Driver/Src/stm32f4xx_hal_adc.o
 .text.__NVIC_SetPriorityGrouping
                0x08001b64       0x48 ./Drivers/STM32F4xx_HAL_Driver/Src/stm32f4xx_hal_cortex.o
 .text.__NVIC_GetPriorityGrouping
                0x08001bac       0x1c ./Drivers/STM32F4xx_HAL_Driver/Src/stm32f4xx_hal_cortex.o
 .text.__NVIC_SetPriority
                0x08001bc8       0x54 ./Drivers/STM32F4xx_HAL_Driver/Src/stm32f4xx_hal_cortex.o
 .text.NVIC_EncodePriority
                0x08001c1c       0x66 ./Drivers/STM32F4xx_HAL_Driver/Src/stm32f4xx_hal_cortex.o
 *fill*         0x08001c82        0x2 
 .text.SysTick_Config
                0x08001c84       0x44 ./Drivers/STM32F4xx_HAL_Driver/Src/stm32f4xx_hal_cortex.o
 .text.HAL_NVIC_SetPriorityGrouping
                0x08001cc8       0x16 ./Drivers/STM32F4xx_HAL_Driver/Src/stm32f4xx_hal_cortex.o
                0x08001cc8                HAL_NVIC_SetPriorityGrouping
 .text.HAL_NVIC_SetPriority
                0x08001cde       0x38 ./Drivers/STM32F4xx_HAL_Driver/Src/stm32f4xx_hal_cortex.o
                0x08001cde                HAL_NVIC_SetPriority
 .text.HAL_SYSTICK_Config
                0x08001d16       0x18 ./Drivers/STM32F4xx_HAL_Driver/Src/stm32f4xx_hal_cortex.o
                0x08001d16                HAL_SYSTICK_Config
 *fill*         0x08001d2e        0x2 
 .text.HAL_GPIO_Init
                0x08001d30      0x308 ./Drivers/STM32F4xx_HAL_Driver/Src/stm32f4xx_hal_gpio.o
                0x08001d30                HAL_GPIO_Init
 .text.HAL_GPIO_WritePin
                0x08002038       0x32 ./Drivers/STM32F4xx_HAL_Driver/Src/stm32f4xx_hal_gpio.o
                0x08002038                HAL_GPIO_WritePin
 .text.HAL_GPIO_TogglePin
                0x0800206a       0x34 ./Drivers/STM32F4xx_HAL_Driver/Src/stm32f4xx_hal_gpio.o
                0x0800206a                HAL_GPIO_TogglePin
 *fill*         0x0800209e        0x2 
 .text.HAL_RCC_OscConfig
                0x080020a0      0x4f0 ./Drivers/STM32F4xx_HAL_Driver/Src/stm32f4xx_hal_rcc.o
                0x080020a0                HAL_RCC_OscConfig
 .text.HAL_RCC_ClockConfig
                0x08002590      0x1cc ./Drivers/STM32F4xx_HAL_Driver/Src/stm32f4xx_hal_rcc.o
                0x08002590                HAL_RCC_ClockConfig
 .text.HAL_RCC_GetSysClockFreq
                0x0800275c      0x18c ./Drivers/STM32F4xx_HAL_Driver/Src/stm32f4xx_hal_rcc.o
                0x0800275c                HAL_RCC_GetSysClockFreq
 .text.HAL_SPI_Init
                0x080028e8      0x112 ./Drivers/STM32F4xx_HAL_Driver/Src/stm32f4xx_hal_spi.o
                0x080028e8                HAL_SPI_Init
 .text.HAL_SPI_Transmit
                0x080029fa      0x286 ./Drivers/STM32F4xx_HAL_Driver/Src/stm32f4xx_hal_spi.o
                0x080029fa                HAL_SPI_Transmit
 .text.HAL_SPI_Receive
                0x08002c80      0x230 ./Drivers/STM32F4xx_HAL_Driver/Src/stm32f4xx_hal_spi.o
                0x08002c80                HAL_SPI_Receive
 .text.HAL_SPI_TransmitReceive
                0x08002eb0      0x360 ./Drivers/STM32F4xx_HAL_Driver/Src/stm32f4xx_hal_spi.o
                0x08002eb0                HAL_SPI_TransmitReceive
 .text.SPI_WaitFlagStateUntilTimeout
                0x08003210      0x110 ./Drivers/STM32F4xx_HAL_Driver/Src/stm32f4xx_hal_spi.o
 .text.SPI_EndRxTransaction
                0x08003320       0xca ./Drivers/STM32F4xx_HAL_Driver/Src/stm32f4xx_hal_spi.o
 *fill*         0x080033ea        0x2 
 .text.SPI_EndRxTxTransaction
                0x080033ec       0xa8 ./Drivers/STM32F4xx_HAL_Driver/Src/stm32f4xx_hal_spi.o
 .text.memset   0x08003494       0x10 C:/ST/STM32CubeIDE_1.19.0/STM32CubeIDE/plugins/com.st.stm32cube.ide.mcu.externaltools.gnu-tools-for-stm32.13.3.rel1.win32_1.0.0.202411081344/tools/bin/../lib/gcc/arm-none-eabi/13.3.1/../../../../arm-none-eabi/lib/thumb/v7e-m+fp/hard\libc_nano.a(libc_a-memset.o)
                0x08003494                memset
 .text.__libc_init_array
                0x080034a4       0x48 C:/ST/STM32CubeIDE_1.19.0/STM32CubeIDE/plugins/com.st.stm32cube.ide.mcu.externaltools.gnu-tools-for-stm32.13.3.rel1.win32_1.0.0.202411081344/tools/bin/../lib/gcc/arm-none-eabi/13.3.1/../../../../arm-none-eabi/lib/thumb/v7e-m+fp/hard\libc_nano.a(libc_a-init.o)
                0x080034a4                __libc_init_array
 *(.glue_7)
 .glue_7        0x080034ec        0x0 linker stubs
 *(.glue_7t)
 .glue_7t       0x080034ec        0x0 linker stubs
 *(.eh_frame)
 .eh_frame      0x080034ec        0x0 C:/ST/STM32CubeIDE_1.19.0/STM32CubeIDE/plugins/com.st.stm32cube.ide.mcu.externaltools.gnu-tools-for-stm32.13.3.rel1.win32_1.0.0.202411081344/tools/bin/../lib/gcc/arm-none-eabi/13.3.1/thumb/v7e-m+fp/hard/crtbegin.o
 *(.init)
 .init          0x080034ec        0x4 C:/ST/STM32CubeIDE_1.19.0/STM32CubeIDE/plugins/com.st.stm32cube.ide.mcu.externaltools.gnu-tools-for-stm32.13.3.rel1.win32_1.0.0.202411081344/tools/bin/../lib/gcc/arm-none-eabi/13.3.1/thumb/v7e-m+fp/hard/crti.o
                0x080034ec                _init
 .init          0x080034f0        0x8 C:/ST/STM32CubeIDE_1.19.0/STM32CubeIDE/plugins/com.st.stm32cube.ide.mcu.externaltools.gnu-tools-for-stm32.13.3.rel1.win32_1.0.0.202411081344/tools/bin/../lib/gcc/arm-none-eabi/13.3.1/thumb/v7e-m+fp/hard/crtn.o
 *(.fini)
 .fini          0x080034f8        0x4 C:/ST/STM32CubeIDE_1.19.0/STM32CubeIDE/plugins/com.st.stm32cube.ide.mcu.externaltools.gnu-tools-for-stm32.13.3.rel1.win32_1.0.0.202411081344/tools/bin/../lib/gcc/arm-none-eabi/13.3.1/thumb/v7e-m+fp/hard/crti.o
                0x080034f8                _fini
 .fini          0x080034fc        0x8 C:/ST/STM32CubeIDE_1.19.0/STM32CubeIDE/plugins/com.st.stm32cube.ide.mcu.externaltools.gnu-tools-for-stm32.13.3.rel1.win32_1.0.0.202411081344/tools/bin/../lib/gcc/arm-none-eabi/13.3.1/thumb/v7e-m+fp/hard/crtn.o
                0x08003504                        . = ALIGN (0x4)
                0x08003504                        _etext = .

.vfp11_veneer   0x08003504        0x0
 .vfp11_veneer  0x08003504        0x0 linker stubs

.v4_bx          0x08003504        0x0
 .v4_bx         0x08003504        0x0 linker stubs

.iplt           0x08003504        0x0
 .iplt          0x08003504        0x0 C:/ST/STM32CubeIDE_1.19.0/STM32CubeIDE/plugins/com.st.stm32cube.ide.mcu.externaltools.gnu-tools-for-stm32.13.3.rel1.win32_1.0.0.202411081344/tools/bin/../lib/gcc/arm-none-eabi/13.3.1/thumb/v7e-m+fp/hard/crtbegin.o

.rodata         0x08003504       0x10
                0x08003504                        . = ALIGN (0x4)
 *(.rodata)
 *(.rodata*)
 .rodata.AHBPrescTable
                0x08003504       0x10 ./Core/Src/system_stm32f4xx.o
                0x08003504                AHBPrescTable
                0x08003514                        . = ALIGN (0x4)

.ARM.extab      0x08003514        0x0
                0x08003514                        . = ALIGN (0x4)
 *(.ARM.extab* .gnu.linkonce.armextab.*)
                0x08003514                        . = ALIGN (0x4)

.ARM            0x08003514        0x8
                0x08003514                        . = ALIGN (0x4)
                0x08003514                        __exidx_start = .
 *(.ARM.exidx*)
 .ARM.exidx     0x08003514        0x8 C:/ST/STM32CubeIDE_1.19.0/STM32CubeIDE/plugins/com.st.stm32cube.ide.mcu.externaltools.gnu-tools-for-stm32.13.3.rel1.win32_1.0.0.202411081344/tools/bin/../lib/gcc/arm-none-eabi/13.3.1/thumb/v7e-m+fp/hard\libgcc.a(_udivmoddi4.o)
                0x0800351c                        __exidx_end = .
                0x0800351c                        . = ALIGN (0x4)

.preinit_array  0x0800351c        0x0
                0x0800351c                        . = ALIGN (0x4)
                0x0800351c                        PROVIDE (__preinit_array_start = .)
 *(.preinit_array*)
                0x0800351c                        PROVIDE (__preinit_array_end = .)
                0x0800351c                        . = ALIGN (0x4)

.init_array     0x0800351c        0x4
                0x0800351c                        . = ALIGN (0x4)
                0x0800351c                        PROVIDE (__init_array_start = .)
 *(SORT_BY_NAME(.init_array.*))
 *(.init_array*)
 .init_array    0x0800351c        0x4 C:/ST/STM32CubeIDE_1.19.0/STM32CubeIDE/plugins/com.st.stm32cube.ide.mcu.externaltools.gnu-tools-for-stm32.13.3.rel1.win32_1.0.0.202411081344/tools/bin/../lib/gcc/arm-none-eabi/13.3.1/thumb/v7e-m+fp/hard/crtbegin.o
                0x08003520                        PROVIDE (__init_array_end = .)
                0x08003520                        . = ALIGN (0x4)

.fini_array     0x08003520        0x4
                0x08003520                        . = ALIGN (0x4)
                [!provide]                        PROVIDE (__fini_array_start = .)
 *(SORT_BY_NAME(.fini_array.*))
 *(.fini_array*)
 .fini_array    0x08003520        0x4 C:/ST/STM32CubeIDE_1.19.0/STM32CubeIDE/plugins/com.st.stm32cube.ide.mcu.externaltools.gnu-tools-for-stm32.13.3.rel1.win32_1.0.0.202411081344/tools/bin/../lib/gcc/arm-none-eabi/13.3.1/thumb/v7e-m+fp/hard/crtbegin.o
                [!provide]                        PROVIDE (__fini_array_end = .)
                0x08003524                        . = ALIGN (0x4)
                0x08003524                        _sidata = LOADADDR (.data)

.rel.dyn        0x08003524        0x0
 .rel.iplt      0x08003524        0x0 C:/ST/STM32CubeIDE_1.19.0/STM32CubeIDE/plugins/com.st.stm32cube.ide.mcu.externaltools.gnu-tools-for-stm32.13.3.rel1.win32_1.0.0.202411081344/tools/bin/../lib/gcc/arm-none-eabi/13.3.1/thumb/v7e-m+fp/hard/crtbegin.o

.data           0x20000000       0x14 load address 0x08003524
                0x20000000                        . = ALIGN (0x4)
                0x20000000                        _sdata = .
 *(.data)
 *(.data*)
 .data.tx_addr  0x20000000        0x5 ./Core/Src/main.o
                0x20000000                tx_addr
 *fill*         0x20000005        0x3 
 .data.SystemCoreClock
                0x20000008        0x4 ./Core/Src/system_stm32f4xx.o
                0x20000008                SystemCoreClock
 .data.uwTickPrio
                0x2000000c        0x4 ./Drivers/STM32F4xx_HAL_Driver/Src/stm32f4xx_hal.o
                0x2000000c                uwTickPrio
 .data.uwTickFreq
                0x20000010        0x1 ./Drivers/STM32F4xx_HAL_Driver/Src/stm32f4xx_hal.o
                0x20000010                uwTickFreq
 *(.RamFunc)
 *(.RamFunc*)
                0x20000014                        . = ALIGN (0x4)
 *fill*         0x20000011        0x3 
                0x20000014                        _edata = .

.igot.plt       0x20000014        0x0 load address 0x08003538
 .igot.plt      0x20000014        0x0 C:/ST/STM32CubeIDE_1.19.0/STM32CubeIDE/plugins/com.st.stm32cube.ide.mcu.externaltools.gnu-tools-for-stm32.13.3.rel1.win32_1.0.0.202411081344/tools/bin/../lib/gcc/arm-none-eabi/13.3.1/thumb/v7e-m+fp/hard/crtbegin.o
                0x20000014                        . = ALIGN (0x4)

.bss            0x20000014       0xc4 load address 0x08003538
                0x20000014                        _sbss = .
                0x20000014                        __bss_start__ = _sbss
 *(.bss)
 .bss           0x20000014       0x1c C:/ST/STM32CubeIDE_1.19.0/STM32CubeIDE/plugins/com.st.stm32cube.ide.mcu.externaltools.gnu-tools-for-stm32.13.3.rel1.win32_1.0.0.202411081344/tools/bin/../lib/gcc/arm-none-eabi/13.3.1/thumb/v7e-m+fp/hard/crtbegin.o
 *(.bss*)
 .bss.hadc1     0x20000030       0x48 ./Core/Src/main.o
                0x20000030                hadc1
 .bss.hspi1     0x20000078       0x58 ./Core/Src/main.o
                0x20000078                hspi1
 .bss.u8AdcValue
                0x200000d0        0x1 ./Core/Src/main.o
                0x200000d0                u8AdcValue
 *fill*         0x200000d1        0x3 
 .bss.uwTick    0x200000d4        0x4 ./Drivers/STM32F4xx_HAL_Driver/Src/stm32f4xx_hal.o
                0x200000d4                uwTick
 *(COMMON)
                0x200000d8                        . = ALIGN (0x4)
                0x200000d8                        _ebss = .
                0x200000d8                        __bss_end__ = _ebss

._user_heap_stack
                0x200000d8      0x600 load address 0x08003538
                0x200000d8                        . = ALIGN (0x8)
                [!provide]                        PROVIDE (end = .)
                0x200000d8                        PROVIDE (_end = .)
                0x200002d8                        . = (. + _Min_Heap_Size)
 *fill*         0x200000d8      0x200 
                0x200006d8                        . = (. + _Min_Stack_Size)
 *fill*         0x200002d8      0x400 
                0x200006d8                        . = ALIGN (0x8)

/DISCARD/
 libc.a(*)
 libm.a(*)
 libgcc.a(*)

.ARM.attributes
                0x00000000       0x30
 *(.ARM.attributes)
 .ARM.attributes
                0x00000000       0x22 C:/ST/STM32CubeIDE_1.19.0/STM32CubeIDE/plugins/com.st.stm32cube.ide.mcu.externaltools.gnu-tools-for-stm32.13.3.rel1.win32_1.0.0.202411081344/tools/bin/../lib/gcc/arm-none-eabi/13.3.1/thumb/v7e-m+fp/hard/crti.o
 .ARM.attributes
                0x00000022       0x34 C:/ST/STM32CubeIDE_1.19.0/STM32CubeIDE/plugins/com.st.stm32cube.ide.mcu.externaltools.gnu-tools-for-stm32.13.3.rel1.win32_1.0.0.202411081344/tools/bin/../lib/gcc/arm-none-eabi/13.3.1/thumb/v7e-m+fp/hard/crtbegin.o
 .ARM.attributes
                0x00000056       0x34 ./Core/Src/NRF24.o
 .ARM.attributes
                0x0000008a       0x34 ./Core/Src/main.o
 .ARM.attributes
                0x000000be       0x34 ./Core/Src/stm32f4xx_hal_msp.o
 .ARM.attributes
                0x000000f2       0x34 ./Core/Src/stm32f4xx_it.o
 .ARM.attributes
                0x00000126       0x34 ./Core/Src/system_stm32f4xx.o
 .ARM.attributes
                0x0000015a       0x21 ./Core/Startup/startup_stm32f411ceux.o
 .ARM.attributes
                0x0000017b       0x34 ./Drivers/STM32F4xx_HAL_Driver/Src/stm32f4xx_hal.o
 .ARM.attributes
                0x000001af       0x34 ./Drivers/STM32F4xx_HAL_Driver/Src/stm32f4xx_hal_adc.o
 .ARM.attributes
                0x000001e3       0x34 ./Drivers/STM32F4xx_HAL_Driver/Src/stm32f4xx_hal_cortex.o
 .ARM.attributes
                0x00000217       0x34 ./Drivers/STM32F4xx_HAL_Driver/Src/stm32f4xx_hal_gpio.o
 .ARM.attributes
                0x0000024b       0x34 ./Drivers/STM32F4xx_HAL_Driver/Src/stm32f4xx_hal_rcc.o
 .ARM.attributes
                0x0000027f       0x34 ./Drivers/STM32F4xx_HAL_Driver/Src/stm32f4xx_hal_spi.o
 .ARM.attributes
                0x000002b3       0x34 C:/ST/STM32CubeIDE_1.19.0/STM32CubeIDE/plugins/com.st.stm32cube.ide.mcu.externaltools.gnu-tools-for-stm32.13.3.rel1.win32_1.0.0.202411081344/tools/bin/../lib/gcc/arm-none-eabi/13.3.1/../../../../arm-none-eabi/lib/thumb/v7e-m+fp/hard\libc_nano.a(libc_a-memset.o)
 .ARM.attributes
                0x000002e7       0x34 C:/ST/STM32CubeIDE_1.19.0/STM32CubeIDE/plugins/com.st.stm32cube.ide.mcu.externaltools.gnu-tools-for-stm32.13.3.rel1.win32_1.0.0.202411081344/tools/bin/../lib/gcc/arm-none-eabi/13.3.1/../../../../arm-none-eabi/lib/thumb/v7e-m+fp/hard\libc_nano.a(libc_a-init.o)
 .ARM.attributes
                0x0000031b       0x22 C:/ST/STM32CubeIDE_1.19.0/STM32CubeIDE/plugins/com.st.stm32cube.ide.mcu.externaltools.gnu-tools-for-stm32.13.3.rel1.win32_1.0.0.202411081344/tools/bin/../lib/gcc/arm-none-eabi/13.3.1/thumb/v7e-m+fp/hard\libgcc.a(_aeabi_uldivmod.o)
 .ARM.attributes
                0x0000033d       0x34 C:/ST/STM32CubeIDE_1.19.0/STM32CubeIDE/plugins/com.st.stm32cube.ide.mcu.externaltools.gnu-tools-for-stm32.13.3.rel1.win32_1.0.0.202411081344/tools/bin/../lib/gcc/arm-none-eabi/13.3.1/thumb/v7e-m+fp/hard\libgcc.a(_udivmoddi4.o)
 .ARM.attributes
                0x00000371       0x22 C:/ST/STM32CubeIDE_1.19.0/STM32CubeIDE/plugins/com.st.stm32cube.ide.mcu.externaltools.gnu-tools-for-stm32.13.3.rel1.win32_1.0.0.202411081344/tools/bin/../lib/gcc/arm-none-eabi/13.3.1/thumb/v7e-m+fp/hard\libgcc.a(_dvmd_tls.o)
 .ARM.attributes
                0x00000393       0x22 C:/ST/STM32CubeIDE_1.19.0/STM32CubeIDE/plugins/com.st.stm32cube.ide.mcu.externaltools.gnu-tools-for-stm32.13.3.rel1.win32_1.0.0.202411081344/tools/bin/../lib/gcc/arm-none-eabi/13.3.1/thumb/v7e-m+fp/hard/crtn.o
OUTPUT(Q5_tx.elf elf32-littlearm)
LOAD linker stubs
LOAD C:/ST/STM32CubeIDE_1.19.0/STM32CubeIDE/plugins/com.st.stm32cube.ide.mcu.externaltools.gnu-tools-for-stm32.13.3.rel1.win32_1.0.0.202411081344/tools/bin/../lib/gcc/arm-none-eabi/13.3.1/../../../../arm-none-eabi/lib/thumb/v7e-m+fp/hard\libc.a
LOAD C:/ST/STM32CubeIDE_1.19.0/STM32CubeIDE/plugins/com.st.stm32cube.ide.mcu.externaltools.gnu-tools-for-stm32.13.3.rel1.win32_1.0.0.202411081344/tools/bin/../lib/gcc/arm-none-eabi/13.3.1/../../../../arm-none-eabi/lib/thumb/v7e-m+fp/hard\libm.a
LOAD C:/ST/STM32CubeIDE_1.19.0/STM32CubeIDE/plugins/com.st.stm32cube.ide.mcu.externaltools.gnu-tools-for-stm32.13.3.rel1.win32_1.0.0.202411081344/tools/bin/../lib/gcc/arm-none-eabi/13.3.1/thumb/v7e-m+fp/hard\libgcc.a

.debug_info     0x00000000     0x7d5f
 .debug_info    0x00000000     0x10d8 ./Core/Src/NRF24.o
 .debug_info    0x000010d8     0x118a ./Core/Src/main.o
 .debug_info    0x00002262      0xc30 ./Core/Src/stm32f4xx_hal_msp.o
 .debug_info    0x00002e92      0x112 ./Core/Src/stm32f4xx_it.o
 .debug_info    0x00002fa4      0x53e ./Core/Src/system_stm32f4xx.o
 .debug_info    0x000034e2       0x30 ./Core/Startup/startup_stm32f411ceux.o
 .debug_info    0x00003512      0x8c4 ./Drivers/STM32F4xx_HAL_Driver/Src/stm32f4xx_hal.o
 .debug_info    0x00003dd6      0xcd1 ./Drivers/STM32F4xx_HAL_Driver/Src/stm32f4xx_hal_adc.o
 .debug_info    0x00004aa7      0xcc7 ./Drivers/STM32F4xx_HAL_Driver/Src/stm32f4xx_hal_cortex.o
 .debug_info    0x0000576e      0x6f9 ./Drivers/STM32F4xx_HAL_Driver/Src/stm32f4xx_hal_gpio.o
 .debug_info    0x00005e67      0x8f2 ./Drivers/STM32F4xx_HAL_Driver/Src/stm32f4xx_hal_rcc.o
 .debug_info    0x00006759     0x1606 ./Drivers/STM32F4xx_HAL_Driver/Src/stm32f4xx_hal_spi.o

.debug_abbrev   0x00000000     0x17b1
 .debug_abbrev  0x00000000      0x314 ./Core/Src/NRF24.o
 .debug_abbrev  0x00000314      0x2be ./Core/Src/main.o
 .debug_abbrev  0x000005d2      0x1a5 ./Core/Src/stm32f4xx_hal_msp.o
 .debug_abbrev  0x00000777       0x73 ./Core/Src/stm32f4xx_it.o
 .debug_abbrev  0x000007ea      0x11a ./Core/Src/system_stm32f4xx.o
 .debug_abbrev  0x00000904       0x24 ./Core/Startup/startup_stm32f411ceux.o
 .debug_abbrev  0x00000928      0x24b ./Drivers/STM32F4xx_HAL_Driver/Src/stm32f4xx_hal.o
 .debug_abbrev  0x00000b73      0x20e ./Drivers/STM32F4xx_HAL_Driver/Src/stm32f4xx_hal_adc.o
 .debug_abbrev  0x00000d81      0x328 ./Drivers/STM32F4xx_HAL_Driver/Src/stm32f4xx_hal_cortex.o
 .debug_abbrev  0x000010a9      0x1d3 ./Drivers/STM32F4xx_HAL_Driver/Src/stm32f4xx_hal_gpio.o
 .debug_abbrev  0x0000127c      0x2b5 ./Drivers/STM32F4xx_HAL_Driver/Src/stm32f4xx_hal_rcc.o
 .debug_abbrev  0x00001531      0x280 ./Drivers/STM32F4xx_HAL_Driver/Src/stm32f4xx_hal_spi.o

.debug_aranges  0x00000000      0x880
 .debug_aranges
                0x00000000      0x1a0 ./Core/Src/NRF24.o
 .debug_aranges
                0x000001a0       0x48 ./Core/Src/main.o
 .debug_aranges
                0x000001e8       0x40 ./Core/Src/stm32f4xx_hal_msp.o
 .debug_aranges
                0x00000228       0x60 ./Core/Src/stm32f4xx_it.o
 .debug_aranges
                0x00000288       0x28 ./Core/Src/system_stm32f4xx.o
 .debug_aranges
                0x000002b0       0x28 ./Core/Startup/startup_stm32f411ceux.o
 .debug_aranges
                0x000002d8       0xf0 ./Drivers/STM32F4xx_HAL_Driver/Src/stm32f4xx_hal.o
 .debug_aranges
                0x000003c8       0xe8 ./Drivers/STM32F4xx_HAL_Driver/Src/stm32f4xx_hal_adc.o
 .debug_aranges
                0x000004b0      0x120 ./Drivers/STM32F4xx_HAL_Driver/Src/stm32f4xx_hal_cortex.o
 .debug_aranges
                0x000005d0       0x58 ./Drivers/STM32F4xx_HAL_Driver/Src/stm32f4xx_hal_gpio.o
 .debug_aranges
                0x00000628       0x88 ./Drivers/STM32F4xx_HAL_Driver/Src/stm32f4xx_hal_rcc.o
 .debug_aranges
                0x000006b0      0x1d0 ./Drivers/STM32F4xx_HAL_Driver/Src/stm32f4xx_hal_spi.o

.debug_rnglists
                0x00000000      0x65a
 .debug_rnglists
                0x00000000      0x136 ./Core/Src/NRF24.o
 .debug_rnglists
                0x00000136       0x35 ./Core/Src/main.o
 .debug_rnglists
                0x0000016b       0x2d ./Core/Src/stm32f4xx_hal_msp.o
 .debug_rnglists
                0x00000198       0x43 ./Core/Src/stm32f4xx_it.o
 .debug_rnglists
                0x000001db       0x1a ./Core/Src/system_stm32f4xx.o
 .debug_rnglists
                0x000001f5       0x19 ./Core/Startup/startup_stm32f411ceux.o
 .debug_rnglists
                0x0000020e       0xaf ./Drivers/STM32F4xx_HAL_Driver/Src/stm32f4xx_hal.o
 .debug_rnglists
                0x000002bd       0xb5 ./Drivers/STM32F4xx_HAL_Driver/Src/stm32f4xx_hal_adc.o
 .debug_rnglists
                0x00000372       0xd4 ./Drivers/STM32F4xx_HAL_Driver/Src/stm32f4xx_hal_cortex.o
 .debug_rnglists
                0x00000446       0x3f ./Drivers/STM32F4xx_HAL_Driver/Src/stm32f4xx_hal_gpio.o
 .debug_rnglists
                0x00000485       0x66 ./Drivers/STM32F4xx_HAL_Driver/Src/stm32f4xx_hal_rcc.o
 .debug_rnglists
                0x000004eb      0x16f ./Drivers/STM32F4xx_HAL_Driver/Src/stm32f4xx_hal_spi.o

.debug_macro    0x00000000    0x16e1b
 .debug_macro   0x00000000      0x2d0 ./Core/Src/NRF24.o
 .debug_macro   0x000002d0      0xad8 ./Core/Src/NRF24.o
 .debug_macro   0x00000da8       0x22 ./Core/Src/NRF24.o
 .debug_macro   0x00000dca       0x5b ./Core/Src/NRF24.o
 .debug_macro   0x00000e25       0x2a ./Core/Src/NRF24.o
 .debug_macro   0x00000e4f       0x94 ./Core/Src/NRF24.o
 .debug_macro   0x00000ee3       0x43 ./Core/Src/NRF24.o
 .debug_macro   0x00000f26       0x34 ./Core/Src/NRF24.o
 .debug_macro   0x00000f5a       0x16 ./Core/Src/NRF24.o
 .debug_macro   0x00000f70       0x57 ./Core/Src/NRF24.o
 .debug_macro   0x00000fc7       0x9e ./Core/Src/NRF24.o
 .debug_macro   0x00001065      0x370 ./Core/Src/NRF24.o
 .debug_macro   0x000013d5      0x112 ./Core/Src/NRF24.o
 .debug_macro   0x000014e7       0x10 ./Core/Src/NRF24.o
 .debug_macro   0x000014f7       0x16 ./Core/Src/NRF24.o
 .debug_macro   0x0000150d       0x4a ./Core/Src/NRF24.o
 .debug_macro   0x00001557       0x34 ./Core/Src/NRF24.o
 .debug_macro   0x0000158b       0x10 ./Core/Src/NRF24.o
 .debug_macro   0x0000159b       0x58 ./Core/Src/NRF24.o
 .debug_macro   0x000015f3       0x8e ./Core/Src/NRF24.o
 .debug_macro   0x00001681       0x1c ./Core/Src/NRF24.o
 .debug_macro   0x0000169d      0x185 ./Core/Src/NRF24.o
 .debug_macro   0x00001822       0x16 ./Core/Src/NRF24.o
 .debug_macro   0x00001838       0x16 ./Core/Src/NRF24.o
 .debug_macro   0x0000184e      0x146 ./Core/Src/NRF24.o
 .debug_macro   0x00001994      0x29b ./Core/Src/NRF24.o
 .debug_macro   0x00001c2f       0x2e ./Core/Src/NRF24.o
 .debug_macro   0x00001c5d       0x28 ./Core/Src/NRF24.o
 .debug_macro   0x00001c85      0x103 ./Core/Src/NRF24.o
 .debug_macro   0x00001d88       0x6a ./Core/Src/NRF24.o
 .debug_macro   0x00001df2      0x1df ./Core/Src/NRF24.o
 .debug_macro   0x00001fd1       0x1c ./Core/Src/NRF24.o
 .debug_macro   0x00001fed       0x22 ./Core/Src/NRF24.o
 .debug_macro   0x0000200f       0xfb ./Core/Src/NRF24.o
 .debug_macro   0x0000210a     0x1011 ./Core/Src/NRF24.o
 .debug_macro   0x0000311b      0x11f ./Core/Src/NRF24.o
 .debug_macro   0x0000323a     0xb953 ./Core/Src/NRF24.o
 .debug_macro   0x0000eb8d       0x6d ./Core/Src/NRF24.o
 .debug_macro   0x0000ebfa     0x368c ./Core/Src/NRF24.o
 .debug_macro   0x00012286       0x56 ./Core/Src/NRF24.o
 .debug_macro   0x000122dc      0x45c ./Core/Src/NRF24.o
 .debug_macro   0x00012738      0x9e9 ./Core/Src/NRF24.o
 .debug_macro   0x00013121      0x115 ./Core/Src/NRF24.o
 .debug_macro   0x00013236      0x11b ./Core/Src/NRF24.o
 .debug_macro   0x00013351       0xa5 ./Core/Src/NRF24.o
 .debug_macro   0x000133f6      0x15f ./Core/Src/NRF24.o
 .debug_macro   0x00013555      0x287 ./Core/Src/NRF24.o
 .debug_macro   0x000137dc       0x5f ./Core/Src/NRF24.o
 .debug_macro   0x0001383b      0x236 ./Core/Src/NRF24.o
 .debug_macro   0x00013a71      0x9e1 ./Core/Src/NRF24.o
 .debug_macro   0x00014452      0x38b ./Core/Src/NRF24.o
 .debug_macro   0x000147dd      0x17d ./Core/Src/NRF24.o
 .debug_macro   0x0001495a       0xf9 ./Core/Src/NRF24.o
 .debug_macro   0x00014a53      0x132 ./Core/Src/NRF24.o
 .debug_macro   0x00014b85      0x264 ./Core/Src/NRF24.o
 .debug_macro   0x00014de9       0x2e ./Core/Src/NRF24.o
 .debug_macro   0x00014e17      0x127 ./Core/Src/NRF24.o
 .debug_macro   0x00014f3e       0x85 ./Core/Src/NRF24.o
 .debug_macro   0x00014fc3       0x89 ./Core/Src/NRF24.o
 .debug_macro   0x0001504c      0x225 ./Core/Src/NRF24.o
 .debug_macro   0x00015271      0x126 ./Core/Src/NRF24.o
 .debug_macro   0x00015397       0x3a ./Core/Src/NRF24.o
 .debug_macro   0x000153d1      0x232 ./Core/Src/NRF24.o
 .debug_macro   0x00015603      0x2d6 ./Core/Src/main.o
 .debug_macro   0x000158d9       0x8e ./Core/Src/main.o
 .debug_macro   0x00015967       0x51 ./Core/Src/main.o
 .debug_macro   0x000159b8      0x190 ./Core/Src/main.o
 .debug_macro   0x00015b48       0x5c ./Core/Src/main.o
 .debug_macro   0x00015ba4       0x61 ./Core/Src/main.o
 .debug_macro   0x00015c05       0x10 ./Core/Src/main.o
 .debug_macro   0x00015c15       0x3c ./Core/Src/main.o
 .debug_macro   0x00015c51       0x20 ./Core/Src/main.o
 .debug_macro   0x00015c71      0x1ec ./Core/Src/stm32f4xx_hal_msp.o
 .debug_macro   0x00015e5d      0x1f6 ./Core/Src/stm32f4xx_it.o
 .debug_macro   0x00016053      0x1e2 ./Core/Src/system_stm32f4xx.o
 .debug_macro   0x00016235      0x242 ./Drivers/STM32F4xx_HAL_Driver/Src/stm32f4xx_hal.o
 .debug_macro   0x00016477      0x1e3 ./Drivers/STM32F4xx_HAL_Driver/Src/stm32f4xx_hal_adc.o
 .debug_macro   0x0001665a      0x1e2 ./Drivers/STM32F4xx_HAL_Driver/Src/stm32f4xx_hal_cortex.o
 .debug_macro   0x0001683c      0x1e8 ./Drivers/STM32F4xx_HAL_Driver/Src/stm32f4xx_hal_gpio.o
 .debug_macro   0x00016a24      0x206 ./Drivers/STM32F4xx_HAL_Driver/Src/stm32f4xx_hal_rcc.o
 .debug_macro   0x00016c2a      0x1f1 ./Drivers/STM32F4xx_HAL_Driver/Src/stm32f4xx_hal_spi.o

.debug_line     0x00000000     0x92ac
 .debug_line    0x00000000     0x100c ./Core/Src/NRF24.o
 .debug_line    0x0000100c      0xa7a ./Core/Src/main.o
 .debug_line    0x00001a86      0x7ef ./Core/Src/stm32f4xx_hal_msp.o
 .debug_line    0x00002275      0x80a ./Core/Src/stm32f4xx_it.o
 .debug_line    0x00002a7f      0x7e0 ./Core/Src/system_stm32f4xx.o
 .debug_line    0x0000325f       0x7a ./Core/Startup/startup_stm32f411ceux.o
 .debug_line    0x000032d9      0xa4d ./Drivers/STM32F4xx_HAL_Driver/Src/stm32f4xx_hal.o
 .debug_line    0x00003d26     0x11a1 ./Drivers/STM32F4xx_HAL_Driver/Src/stm32f4xx_hal_adc.o
 .debug_line    0x00004ec7      0xcf3 ./Drivers/STM32F4xx_HAL_Driver/Src/stm32f4xx_hal_cortex.o
 .debug_line    0x00005bba      0xb69 ./Drivers/STM32F4xx_HAL_Driver/Src/stm32f4xx_hal_gpio.o
 .debug_line    0x00006723      0xe42 ./Drivers/STM32F4xx_HAL_Driver/Src/stm32f4xx_hal_rcc.o
 .debug_line    0x00007565     0x1d47 ./Drivers/STM32F4xx_HAL_Driver/Src/stm32f4xx_hal_spi.o

.debug_str      0x00000000    0x910f5
 .debug_str     0x00000000    0x910f5 ./Core/Src/NRF24.o
                              0x8f3b0 (size before relaxing)
 .debug_str     0x000910f5    0x8f133 ./Core/Src/main.o
 .debug_str     0x000910f5    0x8b571 ./Core/Src/stm32f4xx_hal_msp.o
 .debug_str     0x000910f5    0x8ae3d ./Core/Src/stm32f4xx_it.o
 .debug_str     0x000910f5    0x8af79 ./Core/Src/system_stm32f4xx.o
 .debug_str     0x000910f5       0x6a ./Core/Startup/startup_stm32f411ceux.o
 .debug_str     0x000910f5    0x8b9a5 ./Drivers/STM32F4xx_HAL_Driver/Src/stm32f4xx_hal.o
 .debug_str     0x000910f5    0x8b554 ./Drivers/STM32F4xx_HAL_Driver/Src/stm32f4xx_hal_adc.o
 .debug_str     0x000910f5    0x8b6dd ./Drivers/STM32F4xx_HAL_Driver/Src/stm32f4xx_hal_cortex.o
 .debug_str     0x000910f5    0x8b0f4 ./Drivers/STM32F4xx_HAL_Driver/Src/stm32f4xx_hal_gpio.o
 .debug_str     0x000910f5    0x8b3ad ./Drivers/STM32F4xx_HAL_Driver/Src/stm32f4xx_hal_rcc.o
 .debug_str     0x000910f5    0x8b82b ./Drivers/STM32F4xx_HAL_Driver/Src/stm32f4xx_hal_spi.o

.comment        0x00000000       0x43
 .comment       0x00000000       0x43 ./Core/Src/NRF24.o
                                 0x44 (size before relaxing)
 .comment       0x00000043       0x44 ./Core/Src/main.o
 .comment       0x00000043       0x44 ./Core/Src/stm32f4xx_hal_msp.o
 .comment       0x00000043       0x44 ./Core/Src/stm32f4xx_it.o
 .comment       0x00000043       0x44 ./Core/Src/system_stm32f4xx.o
 .comment       0x00000043       0x44 ./Drivers/STM32F4xx_HAL_Driver/Src/stm32f4xx_hal.o
 .comment       0x00000043       0x44 ./Drivers/STM32F4xx_HAL_Driver/Src/stm32f4xx_hal_adc.o
 .comment       0x00000043       0x44 ./Drivers/STM32F4xx_HAL_Driver/Src/stm32f4xx_hal_cortex.o
 .comment       0x00000043       0x44 ./Drivers/STM32F4xx_HAL_Driver/Src/stm32f4xx_hal_gpio.o
 .comment       0x00000043       0x44 ./Drivers/STM32F4xx_HAL_Driver/Src/stm32f4xx_hal_rcc.o
 .comment       0x00000043       0x44 ./Drivers/STM32F4xx_HAL_Driver/Src/stm32f4xx_hal_spi.o

.debug_frame    0x00000000     0x21ec
 .debug_frame   0x00000000      0x6bc ./Core/Src/NRF24.o
 .debug_frame   0x000006bc       0xd0 ./Core/Src/main.o
 .debug_frame   0x0000078c       0xc8 ./Core/Src/stm32f4xx_hal_msp.o
 .debug_frame   0x00000854      0x104 ./Core/Src/stm32f4xx_it.o
 .debug_frame   0x00000958       0x58 ./Core/Src/system_stm32f4xx.o
 .debug_frame   0x000009b0      0x374 ./Drivers/STM32F4xx_HAL_Driver/Src/stm32f4xx_hal.o
 .debug_frame   0x00000d24      0x3fc ./Drivers/STM32F4xx_HAL_Driver/Src/stm32f4xx_hal_adc.o
 .debug_frame   0x00001120      0x4b8 ./Drivers/STM32F4xx_HAL_Driver/Src/stm32f4xx_hal_cortex.o
 .debug_frame   0x000015d8      0x14c ./Drivers/STM32F4xx_HAL_Driver/Src/stm32f4xx_hal_gpio.o
 .debug_frame   0x00001724      0x1f4 ./Drivers/STM32F4xx_HAL_Driver/Src/stm32f4xx_hal_rcc.o
 .debug_frame   0x00001918      0x828 ./Drivers/STM32F4xx_HAL_Driver/Src/stm32f4xx_hal_spi.o
 .debug_frame   0x00002140       0x20 C:/ST/STM32CubeIDE_1.19.0/STM32CubeIDE/plugins/com.st.stm32cube.ide.mcu.externaltools.gnu-tools-for-stm32.13.3.rel1.win32_1.0.0.202411081344/tools/bin/../lib/gcc/arm-none-eabi/13.3.1/../../../../arm-none-eabi/lib/thumb/v7e-m+fp/hard\libc_nano.a(libc_a-memset.o)
 .debug_frame   0x00002160       0x2c C:/ST/STM32CubeIDE_1.19.0/STM32CubeIDE/plugins/com.st.stm32cube.ide.mcu.externaltools.gnu-tools-for-stm32.13.3.rel1.win32_1.0.0.202411081344/tools/bin/../lib/gcc/arm-none-eabi/13.3.1/../../../../arm-none-eabi/lib/thumb/v7e-m+fp/hard\libc_nano.a(libc_a-init.o)
 .debug_frame   0x0000218c       0x2c C:/ST/STM32CubeIDE_1.19.0/STM32CubeIDE/plugins/com.st.stm32cube.ide.mcu.externaltools.gnu-tools-for-stm32.13.3.rel1.win32_1.0.0.202411081344/tools/bin/../lib/gcc/arm-none-eabi/13.3.1/thumb/v7e-m+fp/hard\libgcc.a(_aeabi_uldivmod.o)
 .debug_frame   0x000021b8       0x34 C:/ST/STM32CubeIDE_1.19.0/STM32CubeIDE/plugins/com.st.stm32cube.ide.mcu.externaltools.gnu-tools-for-stm32.13.3.rel1.win32_1.0.0.202411081344/tools/bin/../lib/gcc/arm-none-eabi/13.3.1/thumb/v7e-m+fp/hard\libgcc.a(_udivmoddi4.o)

.debug_line_str
                0x00000000       0x4e
 .debug_line_str
                0x00000000       0x4e ./Core/Startup/startup_stm32f411ceux.o
